Error type 2 at line 24: "read" is invoked without a definition
Error type 2 at line 26: "write" is invoked without a definition
Error type 2 at line 28: "write" is invoked without a definition
