Error type 9 at line 9: invalid argument number
Error type 1 at line 10: "f" is used without a definition
