Error type 1 at line 2: "a" is used without a definition
