Error type 8 at line 6: incompatiable return type
Error type 8 at line 9: incompatiable return type
