Error type 8 at line 14: incompatiable return type
