Error type 5 at line 2: unmatching type on both sides of assignment
Error type 5 at line 2: unmatching type on both sides of assignment
