!!Error type 13 at line 19: accessing members of a non-structure variable
!!Error type 13 at line 19: accessing members of a non-structure variable
