Error type 1 at line 3: "z" is used without a definition
Error type 1 at line 9: "a" is used without a definition
Error type 1 at line 10: "a" is used without a definition
