Error type 8 at line 19: Return value type mismatches the declared type
