!!Error type 12 at line 7: array indexing with a non-integer type expression
