!!Error type 9 at line 12: Function's Argument(s) number mismatch the declared parameters
!!Error type 9 at line 13: Function's Argument(s) number mismatch the declared parameters
!!Error type 9 at line 14: Function's Argument(s) number mismatch the declared parameters
