!!Error type 10 at line 12: applying indexing operator ([â€¦]) on non-array type variable
