!!Error type 2 at line 9: "diff" is invoked without a definition
!!Error type 8 at line 11: Return value type mismatches the declared type
