Error type 4 at line 10: "sum" is redefined
Error type 8 at line 9: Return value type mismatches the declared type
Error type 1 at line 14: "a" is used without a definition
Error type 1 at line 14: "b" is used without a definition
