Error type 14 at line 11: accessing an undefined structure member
