!!Error type 15 at line 12: Struct name aready exists
!!Error type 5 at line 16: unmatching type on both sides of assignment
