!!Error type 5 at line 9: unmatching type on both sides of assignment
!!Error type 6 at line 10: rvalue appears on the left-side of assignment
