Error type 2 at line 5: "fibonacci" is invoked without a definition
Error type 2 at line 5: "fibonacci" is invoked without a definition
