Error type 14 at line 13: accessing an undefined structure member
Error type 5 at line 14: unmatching type on both sides of assignment
