Error type 8 at line 9: Return value type mismatches the declared type
Error type 14 at line 13: accessing an undefined structure member
