Error type 8 at line 14: Return value type mismatches the declared type
