Error type 3 at line 3: variable "a" is redefined in the same scope
Error type 3 at line 4: variable "a" is redefined in the same scope
Error type 9 at line 17: invalid argument type
Error type 9 at line 18: invalid argument type
