Error type 8 at line 6: Return value type mismatches the declared type
Error type 8 at line 9: Return value type mismatches the declared type
