Error type 5 at line 2: unmatching type on both sides of assignment
Error type 7 at line 3: unmatching operands
Error type 4 at line 7: "upchar" is redefined
Error type 10 at line 14: indexing on non-array variable
