Error type 16 at line 1: undefined structure
Error type 3 at line 1: variable "b" is redefined in the same scope
