Error type 3 at line 2: variable "x" is redefined in the same scope
