Error type 3 at line 2: variable "i" is redefined in the same scope
